methionine bonds can rotate: 
CA - CB
CB - CG
CG - SD
SD - CE

Wrote test.pdb
Wrote test.sdf
