selenocysteine bonds can rotate: 
CA - CB
CB - SEG

Wrote test.pdb
Wrote test.sdf
