Content of test.pdb:
ATOM      1  N   THR     1       0.000   0.000   0.000  1.00001.00            N
ATOM      2  HN  THR     1       0.000   1.000  -0.000  1.00001.00            H
ATOM      3  CA  THR     1       0.000  -0.490   1.386  1.00001.00            C
ATOM      4  HA  THR     1      -0.000   0.358   2.071  1.00001.00            H
ATOM      5  CB  THR     1      -1.257  -1.346   1.628  1.00001.00            C
ATOM      6  HB  THR     1      -1.160  -1.875   2.576  1.00001.00            H
ATOM      7  OG1 THR     1      -1.402  -2.292   0.566  1.00001.00            O
ATOM      8  HG1 THR     1      -1.914  -3.054   0.879  1.00001.00            H
ATOM      9  CG2 THR     1      -2.498  -0.434   1.675  1.00001.00            C
ATOM     10 1HG2 THR     1      -3.300  -0.940   2.211  1.00001.00            H
ATOM     11 2HG2 THR     1      -2.823  -0.211   0.659  1.00001.00            H
ATOM     12 3HG2 THR     1      -2.247   0.495   2.188  1.00001.00            H
ATOM     13  C   THR     1       1.257  -1.346   1.628  1.00001.00            C
ATOM     14  O   THR     1       1.519  -1.880   2.928  1.00001.00            O
Content of test.sdf:
threonine
https://github.com/primaryodors/podock
 14 13  0     0  0  0  0  0  0999 V2000
    0.0000    0.0000    0.0000 N   0  0  0  0  0  0  0  0  0  0  0  0
    0.0000    1.0000   -0.0000 H   0  0  0  0  0  0  0  0  0  0  0  0
    0.0000   -0.4900    1.3859 C   0  0  0  0  0  0  0  0  0  0  0  0
   -0.0000    0.3578    2.0710 H   0  0  0  0  0  0  0  0  0  0  0  0
   -1.2574   -1.3456    1.6279 C   0  0  0  0  0  0  0  0  0  0  0  0
   -1.1597   -1.8752    2.5756 H   0  0  0  0  0  0  0  0  0  0  0  0
   -1.4017   -2.2920    0.5657 O   0  0  0  0  0  0  0  0  0  0  0  0
   -1.9140   -3.0538    0.8787 H   0  0  0  0  0  0  0  0  0  0  0  0
   -2.4975   -0.4337    1.6750 C   0  0  0  0  0  0  0  0  0  0  0  0
   -3.3003   -0.9395    2.2114 H   0  0  0  0  0  0  0  0  0  0  0  0
   -2.8234   -0.2109    0.6590 H   0  0  0  0  0  0  0  0  0  0  0  0
   -2.2465    0.4948    2.1878 H   0  0  0  0  0  0  0  0  0  0  0  0
    1.2574   -1.3455    1.6279 C   0  0  0  0  0  0  0  0  0  0  0  0
    1.5192   -1.8802    2.9280 O   0  0  0  0  0  0  0  0  0  0  0  0
  1  2 1.00  0  0  0  0
  1  3 1.00  0  0  0  0
  3  4 1.00  0  0  0  0
  3  5 1.00  0  0  0  0
  3 13 1.00  0  0  0  0
  5  6 1.00  0  0  0  0
  5  7 1.00  0  0  0  0
  5  9 1.00  0  0  0  0
  7  8 1.00  0  0  0  0
  9 10 1.00  0  0  0  0
  9 11 1.00  0  0  0  0
  9 12 1.00  0  0  0  0
 13 14 1.50  0  0  0  0
M  END

