Is tyrosine-like (i.e. has an aromatic ring and a separate H-bond acceptor)? N
CA-CB can rotate, bringing CG HB1 HB2 OD1 ND2 1HD2 2HD2 
CB-CG can rotate, bringing OD1 ND2 1HD2 2HD2 
CG-ND2 can rotate, bringing 1HD2 2HD2 
asparagine hydrophilicity = 0.475
Similarity to A 2
Similarity to D 3
Similarity to R 3
Similarity to F 0
Similarity to C 3
Similarity to S 4
Wrote test.pdb
Wrote test.sdf
