Is tyrosine-like (i.e. has an aromatic ring and a separate H-bond acceptor)? N
CA-CB can rotate, bringing HB2 SG HB1 HG 
CB-SG can rotate, bringing HG 
cysteine hydrophilicity = 0.125
Similarity to A 4
Similarity to D 3
Similarity to R 3
Similarity to F 2
Similarity to C 5
Similarity to S 3
Wrote test.pdb
Wrote test.sdf
