Unbond C-O8
Unbond H17-O8
Unbond N-H10
proline bonds can rotate: 
None.

Wrote test.pdb
Wrote test.sdf
