lysine bonds can rotate: 
CA - CB
CB - CG
CG - CD
CD - CE
CE - NZ

Wrote test.pdb
Wrote test.sdf
