slurm6 slurm7 slurm9 slurm10 tyrosine bonds can rotate: 
None.

Wrote test.pdb
Wrote test.sdf
Content of test.pdb:
ATOM      1  N1  LIG     0      -0.000  -0.003   0.000  1.00001.00            N
ATOM      2  C2  LIG     0       0.008   1.467  -0.005  1.00001.00            C
ATOM      3  H3  LIG     0      -0.000   1.835  -1.031  1.00001.00            H
ATOM      4  C4  LIG     0      -1.294   1.941   0.667  1.00001.00            C
ATOM      5  c5  LIG     0      -0.846   2.811   1.857  1.00001.00            C
ATOM      6  c6  LIG     0      -1.491   4.203   1.996  1.00001.00            C
ATOM      7  c7  LIG     0      -1.221   4.970   3.304  1.00001.00            C
ATOM      8  c8  LIG     0      -0.333   4.287   4.361  1.00001.00            C
ATOM      9  c9  LIG     0       0.283   2.883   4.224  1.00001.00            C
ATOM     10  c10 LIG     0       0.018   2.108   2.920  1.00001.00            C
ATOM     11  C11 LIG     0       1.260   1.984   0.728  1.00001.00            C
ATOM     12  O12 LIG     0       0.868   2.778   1.850  1.00001.00            O
ATOM     13  O13 LIG     0      -0.276   4.933   5.636  1.00001.00            O
ATOM     14  O14 LIG     0       2.349   1.693   0.316  1.00001.00            O
ATOM     15  H15 LIG     0      -0.002  -0.333   0.944  1.00001.00            H
ATOM     16  H16 LIG     0       0.815  -0.343  -0.470  1.00001.00            H
ATOM     17  H17 LIG     0      -1.867   1.076   1.000  1.00001.00            H
ATOM     18  H18 LIG     0      -1.884   2.515  -0.047  1.00001.00            H
ATOM     19  H19 LIG     0      -2.205   4.608   1.278  1.00001.00            H
ATOM     20  H20 LIG     0      -1.748   5.906   3.489  1.00001.00            H
ATOM     21  H21 LIG     0       0.794   2.377   5.044  1.00001.00            H
ATOM     22  H22 LIG     0       0.345   1.072   2.840  1.00001.00            H
ATOM     23  H23 LIG     0       1.222   3.676   1.751  1.00001.00            H
ATOM     24  H24 LIG     0      -0.322   5.894   5.514  1.00001.00            H
Content of test.sdf:
tyrosine
https://github.com/primaryodors/podock
 24 24  0     0  0  0  0  0  0999 V2000
   -0.0000   -0.0033    0.0000 N   0  0  0  0  0  0  0  0  0  0  0  0
    0.0080    1.4667   -0.0051 C   0  0  0  0  0  0  0  0  0  0  0  0
   -0.0000    1.8346   -1.0311 H   0  0  0  0  0  0  0  0  0  0  0  0
   -1.2937    1.9409    0.6675 C   0  0  0  0  0  0  0  0  0  0  0  0
   -0.8464    2.8113    1.8566 C   0  0  0  0  0  0  0  0  0  0  0  0
   -1.4910    4.2029    1.9961 C   0  0  0  0  0  0  0  0  0  0  0  0
   -1.2205    4.9699    3.3038 C   0  0  0  0  0  0  0  0  0  0  0  0
   -0.3330    4.2875    4.3612 C   0  0  0  0  0  0  0  0  0  0  0  0
    0.2831    2.8828    4.2241 C   0  0  0  0  0  0  0  0  0  0  0  0
    0.0181    2.1084    2.9196 C   0  0  0  0  0  0  0  0  0  0  0  0
    1.2598    1.9844    0.7275 C   0  0  0  0  0  0  0  0  0  0  0  0
    0.8679    2.7784    1.8504 O   0  0  0  0  0  0  0  0  0  0  0  0
   -0.2756    4.9333    5.6358 O   0  0  0  0  0  0  0  0  0  0  0  0
    2.3486    1.6931    0.3155 O   0  0  0  0  0  0  0  0  0  0  0  0
   -0.0018   -0.3333    0.9440 H   0  0  0  0  0  0  0  0  0  0  0  0
    0.8146   -0.3427   -0.4702 H   0  0  0  0  0  0  0  0  0  0  0  0
   -1.8669    1.0755    1.0000 H   0  0  0  0  0  0  0  0  0  0  0  0
   -1.8837    2.5148   -0.0472 H   0  0  0  0  0  0  0  0  0  0  0  0
   -2.2046    4.6076    1.2783 H   0  0  0  0  0  0  0  0  0  0  0  0
   -1.7482    5.9055    3.4890 H   0  0  0  0  0  0  0  0  0  0  0  0
    0.7936    2.3767    5.0435 H   0  0  0  0  0  0  0  0  0  0  0  0
    0.3448    1.0716    2.8398 H   0  0  0  0  0  0  0  0  0  0  0  0
    1.2218    3.6761    1.7510 H   0  0  0  0  0  0  0  0  0  0  0  0
   -0.3223    5.8945    5.5136 H   0  0  0  0  0  0  0  0  0  0  0  0
  1  2 1.00  0  0  0  0
  1 15 1.00  0  0  0  0
  1 16 1.00  0  0  0  0
  2  3 1.00  0  0  0  0
  2  4 1.00  0  0  0  0
  2 11 1.00  0  0  0  0
  4  5 1.00  0  0  0  0
  4 17 1.00  0  0  0  0
  4 18 1.00  0  0  0  0
  5  6 1.50  0  0  0  0
  5 10 1.50  0  0  0  0
  6  7 1.50  0  0  0  0
  6 19 1.00  0  0  0  0
  7  8 1.50  0  0  0  0
  7 20 1.00  0  0  0  0
  8  9 1.50  0  0  0  0
  8 13 1.00  0  0  0  0
  9 10 1.50  0  0  0  0
  9 21 1.00  0  0  0  0
 10 22 1.00  0  0  0  0
 11 12 1.00  0  0  0  0
 11 14 2.00  0  0  0  0
 12 23 1.00  0  0  0  0
 13 24 1.00  0  0  0  0
M  END

