glutamine bonds can rotate: 
CA - CB
CB - CG
CG - CD

Wrote test.pdb
Wrote test.sdf
