Is tyrosine-like (i.e. has an aromatic ring and a separate H-bond acceptor)? N
CA-CB can rotate, bringing CG HB1 HB2 OD1 OD2 
CB-CG can rotate, bringing OD1 OD2 
CG-OD2 can rotate, bringing no atoms.
aspartic_acid hydrophilicity = 0.75
Similarity to A 2
Similarity to D 5
Similarity to R 4
Similarity to F 0
Similarity to C 3
Similarity to S 4
Wrote test.pdb
Wrote test.sdf
