threonine bonds can rotate: 
None.

Wrote test.pdb
Wrote test.sdf
Content of test.pdb:
ATOM      1  N1  LIG     0      -0.000   0.000   0.000  1.00001.00            N
ATOM      2  C2  LIG     0      -0.000   1.470   0.000  1.00001.00            C
ATOM      3  H3  LIG     0       0.000   1.833  -1.028  1.00001.00            H
ATOM      4  C4  LIG     0      -1.257   1.983   0.726  1.00001.00            C
ATOM      5  O5  LIG     0      -0.868   2.778   1.849  1.00001.00            O
ATOM      6  C6  LIG     0       1.257   1.983   0.726  1.00001.00            C
ATOM      7  O7  LIG     0       0.868   2.778   1.849  1.00001.00            O
ATOM      8  C8  LIG     0      -2.096   0.786   1.210  1.00001.00            C
ATOM      9  O9  LIG     0       2.347   1.693   0.316  1.00001.00            O
ATOM     10  H10 LIG     0      -0.000  -0.333   0.943  1.00001.00            H
ATOM     11  H11 LIG     0       0.816  -0.333  -0.471  1.00001.00            H
ATOM     12  H12 LIG     0      -1.851   2.589   0.041  1.00001.00            H
ATOM     13  H13 LIG     0      -1.220   3.676   1.748  1.00001.00            H
ATOM     14  H14 LIG     0       1.220   3.676   1.748  1.00001.00            H
ATOM     15  H15 LIG     0      -2.195   0.826   2.295  1.00001.00            H
ATOM     16  H16 LIG     0      -1.601  -0.143   0.924  1.00001.00            H
ATOM     17  H17 LIG     0      -3.085   0.826   0.753  1.00001.00            H
Content of test.sdf:
threonine
https://github.com/primaryodors/podock
 17 16  0     0  0  0  0  0  0999 V2000
   -0.0000    0.0000    0.0000 N   0  0  0  0  0  0  0  0  0  0  0  0
   -0.0000    1.4700    0.0000 C   0  0  0  0  0  0  0  0  0  0  0  0
    0.0000    1.8333   -1.0277 H   0  0  0  0  0  0  0  0  0  0  0  0
   -1.2574    1.9833    0.7260 C   0  0  0  0  0  0  0  0  0  0  0  0
   -0.8682    2.7778    1.8495 O   0  0  0  0  0  0  0  0  0  0  0  0
    1.2574    1.9833    0.7260 C   0  0  0  0  0  0  0  0  0  0  0  0
    0.8682    2.7778    1.8495 O   0  0  0  0  0  0  0  0  0  0  0  0
   -2.0957    0.7856    1.2099 C   0  0  0  0  0  0  0  0  0  0  0  0
    2.3473    1.6934    0.3160 O   0  0  0  0  0  0  0  0  0  0  0  0
   -0.0000   -0.3333    0.9428 H   0  0  0  0  0  0  0  0  0  0  0  0
    0.8165   -0.3333   -0.4714 H   0  0  0  0  0  0  0  0  0  0  0  0
   -1.8507    2.5889    0.0409 H   0  0  0  0  0  0  0  0  0  0  0  0
   -1.2202    3.6759    1.7479 H   0  0  0  0  0  0  0  0  0  0  0  0
    1.2202    3.6759    1.7479 H   0  0  0  0  0  0  0  0  0  0  0  0
   -2.1946    0.8259    2.2947 H   0  0  0  0  0  0  0  0  0  0  0  0
   -1.6012   -0.1430    0.9245 H   0  0  0  0  0  0  0  0  0  0  0  0
   -3.0845    0.8259    0.7532 H   0  0  0  0  0  0  0  0  0  0  0  0
  1  2 1.00  0  0  0  0
  1 10 1.00  0  0  0  0
  1 11 1.00  0  0  0  0
  2  3 1.00  0  0  0  0
  2  4 1.00  0  0  0  0
  2  6 1.00  0  0  0  0
  4  5 1.00  0  0  0  0
  4  8 1.00  0  0  0  0
  4 12 1.00  0  0  0  0
  5 13 1.00  0  0  0  0
  6  7 1.00  0  0  0  0
  6  9 2.00  0  0  0  0
  7 14 1.00  0  0  0  0
  8 15 1.00  0  0  0  0
  8 16 1.00  0  0  0  0
  8 17 1.00  0  0  0  0
M  END

