alanine bonds can rotate: 
CA - CB

Wrote test.pdb
Wrote test.sdf
