serine bonds can rotate: 
None.

Wrote test.pdb
Wrote test.sdf
