leucine bonds can rotate: 
None.

Wrote test.pdb
Wrote test.sdf
Content of test.pdb:
ATOM      1  N1  LIG     0       0.000   0.000  -0.000  1.00001.00            N
ATOM      2  C2  LIG     0      -0.000   1.470   0.000  1.00001.00            C
ATOM      3  H3  LIG     0       0.000   1.833  -1.028  1.00001.00            H
ATOM      4  C4  LIG     0      -1.257   1.983   0.726  1.00001.00            C
ATOM      5  C5  LIG     0      -0.838   2.839   1.936  1.00001.00            C
ATOM      6  C6  LIG     0      -1.397   4.265   1.775  1.00001.00            C
ATOM      7  C7  LIG     0       1.257   1.983   0.726  1.00001.00            C
ATOM      8  O8  LIG     0       0.868   2.778   1.849  1.00001.00            O
ATOM      9  C9  LIG     0       0.699   2.896   2.017  1.00001.00            C
ATOM     10  O10 LIG     0       2.347   1.693   0.316  1.00001.00            O
ATOM     11  H11 LIG     0       0.000  -0.333   0.943  1.00001.00            H
ATOM     12  H12 LIG     0       0.816  -0.333  -0.471  1.00001.00            H
ATOM     13  H13 LIG     0      -1.851   1.136   1.069  1.00001.00            H
ATOM     14  H14 LIG     0      -1.851   2.589   0.041  1.00001.00            H
ATOM     15  H15 LIG     0      -1.234   2.395   2.849  1.00001.00            H
ATOM     16  H16 LIG     0      -2.056   4.494   2.612  1.00001.00            H
ATOM     17  H17 LIG     0      -1.957   4.332   0.842  1.00001.00            H
ATOM     18  H18 LIG     0      -0.573   4.978   1.756  1.00001.00            H
ATOM     19  H19 LIG     0       1.220   3.676   1.748  1.00001.00            H
ATOM     20  H20 LIG     0       1.005   2.963   3.060  1.00001.00            H
ATOM     21  H21 LIG     0       1.059   3.771   1.475  1.00001.00            H
ATOM     22  H22 LIG     0       1.119   1.994   1.572  1.00001.00            H
Content of test.sdf:
leucine
https://github.com/primaryodors/podock
 22 21  0     0  0  0  0  0  0999 V2000
    0.0000    0.0000   -0.0000 N   0  0  0  0  0  0  0  0  0  0  0  0
   -0.0000    1.4700    0.0000 C   0  0  0  0  0  0  0  0  0  0  0  0
    0.0000    1.8333   -1.0277 H   0  0  0  0  0  0  0  0  0  0  0  0
   -1.2574    1.9833    0.7260 C   0  0  0  0  0  0  0  0  0  0  0  0
   -0.8383    2.8389    1.9359 C   0  0  0  0  0  0  0  0  0  0  0  0
   -1.3971    4.2648    1.7746 C   0  0  0  0  0  0  0  0  0  0  0  0
    1.2574    1.9833    0.7260 C   0  0  0  0  0  0  0  0  0  0  0  0
    0.8682    2.7778    1.8495 O   0  0  0  0  0  0  0  0  0  0  0  0
    0.6986    2.8959    2.0166 C   0  0  0  0  0  0  0  0  0  0  0  0
    2.3473    1.6934    0.3160 O   0  0  0  0  0  0  0  0  0  0  0  0
    0.0000   -0.3333    0.9428 H   0  0  0  0  0  0  0  0  0  0  0  0
    0.8165   -0.3333   -0.4714 H   0  0  0  0  0  0  0  0  0  0  0  0
   -1.8507    1.1356    1.0685 H   0  0  0  0  0  0  0  0  0  0  0  0
   -1.8507    2.5889    0.0409 H   0  0  0  0  0  0  0  0  0  0  0  0
   -1.2338    2.3948    2.8494 H   0  0  0  0  0  0  0  0  0  0  0  0
   -2.0564    4.4936    2.6119 H   0  0  0  0  0  0  0  0  0  0  0  0
   -1.9575    4.3321    0.8421 H   0  0  0  0  0  0  0  0  0  0  0  0
   -0.5731    4.9780    1.7555 H   0  0  0  0  0  0  0  0  0  0  0  0
    1.2202    3.6759    1.7479 H   0  0  0  0  0  0  0  0  0  0  0  0
    1.0054    2.9632    3.0603 H   0  0  0  0  0  0  0  0  0  0  0  0
    1.0586    3.7706    1.4749 H   0  0  0  0  0  0  0  0  0  0  0  0
    1.1195    1.9943    1.5715 H   0  0  0  0  0  0  0  0  0  0  0  0
  1  2 1.00  0  0  0  0
  1 11 1.00  0  0  0  0
  1 12 1.00  0  0  0  0
  2  3 1.00  0  0  0  0
  2  4 1.00  0  0  0  0
  2  7 1.00  0  0  0  0
  4  5 1.00  0  0  0  0
  4 13 1.00  0  0  0  0
  4 14 1.00  0  0  0  0
  5  6 1.00  0  0  0  0
  5  9 1.00  0  0  0  0
  5 15 1.00  0  0  0  0
  6 16 1.00  0  0  0  0
  6 17 1.00  0  0  0  0
  6 18 1.00  0  0  0  0
  7  8 1.00  0  0  0  0
  7 10 2.00  0  0  0  0
  8 19 1.00  0  0  0  0
  9 20 1.00  0  0  0  0
  9 21 1.00  0  0  0  0
  9 22 1.00  0  0  0  0
M  END

