Ring 0
phenylalanine bonds can rotate: 
CA - CB
CB - CG

Wrote test.pdb
Wrote test.sdf
