Is tyrosine-like (i.e. has an aromatic ring and a separate H-bond acceptor)? N
CA-CB can rotate, bringing CG HB1 HB2 ND1 CD2 CE1 NE2 HD2 HE1 HE2 
CB-CG can rotate, bringing ND1 CD2 CE1 NE2 HD2 HE1 HE2 
histidine hydrophilicity = 0.316667
Similarity to A 0
Similarity to D 1
Similarity to R 1
Similarity to F 2
Similarity to C 1
Similarity to S 2
Wrote test.pdb
Wrote test.sdf
