Created empty molecule named Test.
Added a carbon atom. Its location is [0,0,0].
Added another carbon atom. Its location is [0,1.54,-6.73155e-08].
Added an oxygen atom. Its location is [1.03923,2.14,-1.12742e-07].
Added another carbon atom. Its location is [-1.33368,2.31,-5.14116e-08].
Hydrogenated.
hbond
                                              =                                              
                                 =====nnnnnnnnnnnnnnnnn=====                                 
                           +======nnnnnnnnnnnnnnnnnnnnnnnnn======+                           
                       +++=====nnnnnnnmmmmmmmmmmmmmmmmmnnnnnnn=====+++                       
                    ++++=====nnnnnmmmmmmmmmmmmmmmmmmmmmmmmmnnnnn=====++++                    
                 **++++====nnnnnmmmmmmmm@@@@@@@@@@@@@mmmmmmmmnnnnn====++++**                 
               ***++++====nnnnnmmmmmm@@@@@@@@@@@@@@@@@@@mmmmmmnnnnn====++++***               
             :****+++====nnnnnmmmmmm@@@@@@@@@@@@@@@@@@@@@mmmmmmnnnnn====+++****:             
           ::****++++====nnnnmmmmmm@@@@@@@@@@@@@@@@@@@@@@@mmmmmmnnnn====++++****::           
         ::::****++++====nnnnmmmmm@@@@@@@@@@@@@@@@@@@@@@@@@mmmmmnnnn====++++****::::         
        '::::****++++====nnnnmmmmm@@@@@@@@@@@@@@@@@@@@@@@@@mmmmmnnnn====++++****::::'        
      '''':::****++++====nnnnmmmmmm@@@@@@@@@@@@@@@@@@@@@@@mmmmmmnnnn====++++****:::''''      
     .''''::::****+++=====nnnnmmmmmm@@@@@@@@@@@@@@@@@@@@@mmmmmmnnnn=====+++****::::''''.     
    ..''''::::****++++====nnnnnmmmmmmm@@@@@@@@@@@@@@@@@mmmmmmmnnnnn====++++****::::''''..    
   ....''''::::****++++=====nnnnnmmmmmmm@@@@@@@@@@@@@mmmmmmmnnnnn=====++++****::::''''....   
   ....'''''::::****++++=====nnnnnmmmmmmm@@@@@@@@@@@mmmmmmmnnnnn=====++++****::::'''''....   
   .....'''''::::****++++====nnnnnmmmmmmmm@@@@@@@@@mmmmmmmmnnnnn====++++****::::'''''.....   
    .....'''''::::****+++====nnnnnmmmmmmmm@@@@@@@@@mmmmmmmmnnnnn====+++****::::'''''.....    
     ......'''':::****++++====nnnnnmmmmmmm@@@@@@@@@mmmmmmmnnnnn====++++****:::''''......     
      .....''''::::***++++====nnnnnmmmmmmmm@@@@@@@mmmmmmmmnnnnn====++++***::::''''.....      
       .....'''::::***++++====nnnnnmmmmmmmm@@@@@@@mmmmmmmmnnnnn====++++***::::'''.....       
        ....'''':::****+++====nnnnnmmmmmmmm@@@@@@@mmmmmmmmnnnnn====+++****:::''''....        
        ....'''':::****+++====nnnnnmmmmmmmm@@@@@@@mmmmmmmmnnnnn====+++****:::''''....        
        ....'''':::****+++====nnnnnmmmmmmmm@@@@@@@mmmmmmmmnnnnn====+++****:::''''....        
       .....'''::::***++++====nnnnnmmmmmmmm@@@@@@@mmmmmmmmnnnnn====++++***::::'''.....       
      .....''''::::***++++====nnnnnmmmmmmmm@@@@@@@mmmmmmmmnnnnn====++++***::::''''.....      
     ......'''':::****++++====nnnnnmmmmmmm@@@@@@@@@mmmmmmmnnnnn====++++****:::''''......     
    .....'''''::::****+++====nnnnnmmmmmmmm@@@@@@@@@mmmmmmmmnnnnn====+++****::::'''''.....    
   .....'''''::::****++++====nnnnnmmmmmmmm@@@@@@@@@mmmmmmmmnnnnn====++++****::::'''''.....   
   ....'''''::::****++++=====nnnnnmmmmmmm@@@@@@@@@@@mmmmmmmnnnnn=====++++****::::'''''....   
   ....''''::::****++++=====nnnnnmmmmmmm@@@@@@@@@@@@@mmmmmmmnnnnn=====++++****::::''''....   
    ..''''::::****++++====nnnnnmmmmmmm@@@@@@@@@@@@@@@@@mmmmmmmnnnnn====++++****::::''''..    
     .''''::::****+++=====nnnnmmmmmm@@@@@@@@@@@@@@@@@@@@@mmmmmmnnnn=====+++****::::''''.     
      '''':::****++++====nnnnmmmmmm@@@@@@@@@@@@@@@@@@@@@@@mmmmmmnnnn====++++****:::''''      
        '::::****++++====nnnnmmmmm@@@@@@@@@@@@@@@@@@@@@@@@@mmmmmnnnn====++++****::::'        
         ::::****++++====nnnnmmmmm@@@@@@@@@@@@@@@@@@@@@@@@@mmmmmnnnn====++++****::::         
           ::****++++====nnnnmmmmmm@@@@@@@@@@@@@@@@@@@@@@@mmmmmmnnnn====++++****::           
             :****+++====nnnnnmmmmmm@@@@@@@@@@@@@@@@@@@@@mmmmmmnnnnn====+++****:             
               ***++++====nnnnnmmmmmm@@@@@@@@@@@@@@@@@@@mmmmmmnnnnn====++++***               
                 **++++====nnnnnmmmmmmmm@@@@@@@@@@@@@mmmmmmmmnnnnn====++++**                 
                    ++++=====nnnnnmmmmmmmmmmmmmmmmmmmmmmmmmnnnnn=====++++                    
                       +++=====nnnnnnnmmmmmmmmmmmmmmmmmnnnnnnn=====+++                       
                           +======nnnnnnnnnnnnnnnnnnnnnnnnn======+                           
                                 =====nnnnnnnnnnnnnnnnn=====                                 
                                              =                                              
