Created empty molecule named nothing.
Created molecule named BZN.sdf.
Read data.
Loaded 12 atoms of BZN.sdf into molecule.
Found 1 ring(s).
Ring atoms: C5 C6 C1 C2 C3 C4 

Ring 0 is coplanar.
Ring centered at [-1.21243,0.7,0].
Ring normal: φ=180° θ=0°.
Internal clashes: 0 cu. A.
Molecule moved to [0.2,-0.499999,-0.3].
Added a carbon atom. Its location is [0.000000,0.000000,0.000000].
Added another carbon atom. Its location is [0.000000,1.540000,-0.000000].
Added an oxygen atom. Its location is [0.000000,2.016666,-1.348217].
Loaded test ligand. Intermol clashes: 75.7671 cu. A.
Rotated molecule 2 by -30 degrees. Intermol clashes: 73.524 cu. A.
1 1 1 1 1 Moved molecule 2 by 5 A.
Intermol clashes: 0 cu. A.
Intermol energy level: 0 kJ/mol.
xxxxxxxxxxxxxxxxxxxxxxxxxxxxxxxxxPost-conformation intermol energy level: -3.79086e-05 kJ/mol.
Saved output.sdf
Content of output.sdf:
BZN.sdf
https://github.com/primaryodors/podock
 21 20  0     0  0  0  0  0  0999 V2000
  -21.4216  -15.4995    0.7621 C   0  0  0  0  0  0  0  0  0  0  0  0
  -22.6340  -15.8633    0.1641 C   0  0  0  0  0  0  0  0  0  0  0  0
  -23.8465  -15.4995    0.7621 C   0  0  0  0  0  0  0  0  0  0  0  0
  -23.8465  -14.7718    1.9581 C   0  0  0  0  0  0  0  0  0  0  0  0
  -22.6340  -14.4080    2.5561 C   0  0  0  0  0  0  0  0  0  0  0  0
  -21.4216  -14.7718    1.9581 C   0  0  0  0  0  0  0  0  0  0  0  0
  -20.4776  -15.7828    0.2965 H   0  0  0  0  0  0  0  0  0  0  0  0
  -22.6340  -16.4299   -0.7671 H   0  0  0  0  0  0  0  0  0  0  0  0
  -24.7904  -15.7828    0.2965 H   0  0  0  0  0  0  0  0  0  0  0  0
  -24.7904  -14.4886    2.4237 H   0  0  0  0  0  0  0  0  0  0  0  0
  -22.6340  -13.8414    3.4873 H   0  0  0  0  0  0  0  0  0  0  0  0
  -20.4776  -14.4886    2.4237 H   0  0  0  0  0  0  0  0  0  0  0  0
  -17.5797  -16.3539   23.8765 C   0  0  0  0  0  0  0  0  0  0  0  0
  -18.0087  -17.7433   23.3695 C   0  0  0  0  0  0  0  0  0  0  0  0
  -16.8548  -18.4724   22.9432 O   0  0  0  0  0  0  0  0  0  0  0  0
  -17.0834  -15.8109   23.0722 H   0  0  0  0  0  0  0  0  0  0  0  0
  -16.8927  -16.4693   24.7149 H   0  0  0  0  0  0  0  0  0  0  0  0
  -18.4593  -15.7981   24.2014 H   0  0  0  0  0  0  0  0  0  0  0  0
  -18.6957  -17.6279   22.5311 H   0  0  0  0  0  0  0  0  0  0  0  0
  -18.5050  -18.2863   24.1738 H   0  0  0  0  0  0  0  0  0  0  0  0
  -17.1250  -19.3475   22.6239 H   0  0  0  0  0  0  0  0  0  0  0  0
  1  2 1.00  0  0  0  0
  1  6 1.00  0  0  0  0
  1  7 1.00  0  0  0  0
  2  3 1.00  0  0  0  0
  2  8 1.00  0  0  0  0
  3  4 1.00  0  0  0  0
  3  9 1.00  0  0  0  0
  4  5 1.00  0  0  0  0
  4 10 1.00  0  0  0  0
  5  6 1.00  0  0  0  0
  5 11 1.00  0  0  0  0
  6 12 1.00  0  0  0  0
 13 14 1.00  0  0  0  0
 13 16 1.00  0  0  0  0
 13 17 1.00  0  0  0  0
 13 18 1.00  0  0  0  0
 14 15 1.00  0  0  0  0
 14 19 1.00  0  0  0  0
 14 20 1.00  0  0  0  0
 15 21 1.00  0  0  0  0
M  END

