Created empty molecule named Test.
Added a carbon atom. Its location is [0,0,0].
Added another carbon atom. Its location is [0,1.54,-6.73155e-08].
Added an oxygen atom. Its location is [-1.17865e-07,2.01667,-1.34822].
Internal clashes: 0.43268 cu.A.
Minimizing internal clashes...
Internal clashes: 4.47035e-07 cu.A.
Saved test.sdf
Saved test.pdb
Content of test.sdf:
Test
https://github.com/primaryodors/podock
 9 8  0     0  0  0  0  0  0999 V2000
    0.0000    0.0000    0.0000 C   0  0  0  0  0  0  0  0  0  0  0  0
    0.0000    1.5400   -0.0000 C   0  0  0  0  0  0  0  0  0  0  0  0
   -0.0905    2.0167   -1.3452 O   0  0  0  0  0  0  0  0  0  0  0  0
    0.0000   -0.3633    1.0277 H   0  0  0  0  0  0  0  0  0  0  0  0
    0.8900   -0.3633   -0.5138 H   0  0  0  0  0  0  0  0  0  0  0  0
   -0.8900   -0.3633   -0.5138 H   0  0  0  0  0  0  0  0  0  0  0  0
    0.9225    1.9033    0.4529 H   0  0  0  0  0  0  0  0  0  0  0  0
   -0.8535    1.9033    0.5724 H   0  0  0  0  0  0  0  0  0  0  0  0
   -0.1314    1.2622   -1.9535 H   0  0  0  0  0  0  0  0  0  0  0  0
  1  2 1.00  0  0  0  0
  1  4 1.00  0  0  0  0
  1  5 1.00  0  0  0  0
  1  6 1.00  0  0  0  0
  2  3 1.00  0  0  0  0
  2  7 1.00  0  0  0  0
  2  8 1.00  0  0  0  0
  3  9 1.00  0  0  0  0
M  END

