# Structural anomaly = 0
# Structural anomaly = 0
# Structural anomaly = 0
# Structural anomaly = 0
# Structural anomaly = 0
# Structural anomaly = 0
# Structural anomaly = 0
# Structural anomaly = 0
# Structural anomaly = 0
# Structural anomaly = 0
P12 1 P13 -nan P23 0
