serine bonds can rotate: 
CA - CB
CB - OG

Wrote test.pdb
Wrote test.sdf
Content of test.pdb:
ATOM      1  N   SER     1       0.000   0.000   0.000  1.00001.00            N
ATOM      2  HN  SER     1       0.000   1.000  -0.000  1.00001.00            H
ATOM      3  CA  SER     1       0.000  -0.490   1.386  1.00001.00            C
ATOM      4  HA  SER     1      -0.000   0.358   2.071  1.00001.00            H
ATOM      5  CB  SER     1      -1.257  -1.346   1.628  1.00001.00            C
ATOM      6  HB1 SER     1      -1.173  -1.851   2.590  1.00001.00            H
ATOM      7  HB2 SER     1      -1.350  -2.087   0.835  1.00001.00            H
ATOM      8  OG  SER     1      -2.413  -0.504   1.632  1.00001.00            O
ATOM      9  HG  SER     1      -3.134  -0.946   2.108  1.00001.00            H
ATOM     10  C   SER     1       1.257  -1.346   1.628  1.00001.00            C
ATOM     11  O   SER     1       1.519  -1.880   2.928  1.00001.00            O
Content of test.sdf:
serine
https://github.com/primaryodors/podock
 11 10  0     0  0  0  0  0  0999 V2000
    0.0000    0.0000    0.0000 N   0  0  0  0  0  0  0  0  0  0  0  0
    0.0000    1.0000   -0.0000 H   0  0  0  0  0  0  0  0  0  0  0  0
    0.0000   -0.4900    1.3859 C   0  0  0  0  0  0  0  0  0  0  0  0
   -0.0000    0.3578    2.0710 H   0  0  0  0  0  0  0  0  0  0  0  0
   -1.2574   -1.3456    1.6279 C   0  0  0  0  0  0  0  0  0  0  0  0
   -1.1732   -1.8512    2.5898 H   0  0  0  0  0  0  0  0  0  0  0  0
   -1.3505   -2.0871    0.8345 H   0  0  0  0  0  0  0  0  0  0  0  0
   -2.4133   -0.5037    1.6315 O   0  0  0  0  0  0  0  0  0  0  0  0
   -3.1336   -0.9455    2.1078 H   0  0  0  0  0  0  0  0  0  0  0  0
    1.2574   -1.3455    1.6279 C   0  0  0  0  0  0  0  0  0  0  0  0
    1.5192   -1.8802    2.9280 O   0  0  0  0  0  0  0  0  0  0  0  0
  1  2 1.00  0  0  0  0
  1  3 1.00  0  0  0  0
  3  4 1.00  0  0  0  0
  3  5 1.00  0  0  0  0
  3 10 1.00  0  0  0  0
  5  6 1.00  0  0  0  0
  5  7 1.00  0  0  0  0
  5  8 1.00  0  0  0  0
  8  9 1.00  0  0  0  0
 10 11 1.50  0  0  0  0
M  END

