glutamine bonds can rotate: 
CA - CB
CB - CG
CG - CD

Wrote test.pdb
Wrote test.sdf
Content of test.pdb:
ATOM      1  N   GLN     1       0.000   0.000   0.000  1.00001.00            N
ATOM      2  HN  GLN     1       0.000   1.000  -0.000  1.00001.00            H
ATOM      3  CA  GLN     1       0.000  -0.490   1.386  1.00001.00            C
ATOM      4  HA  GLN     1      -0.000   0.358   2.071  1.00001.00            H
ATOM      5  CB  GLN     1      -1.257  -1.346   1.628  1.00001.00            C
ATOM      6  HB1 GLN     1      -1.150  -1.893   2.564  1.00001.00            H
ATOM      7  HB2 GLN     1      -1.380  -2.051   0.807  1.00001.00            H
ATOM      8  CG  GLN     1      -2.493  -0.430   1.707  1.00001.00            C
ATOM      9  HG1 GLN     1      -2.588   0.134   0.780  1.00001.00            H
ATOM     10  HG2 GLN     1      -2.381   0.260   2.543  1.00001.00            H
ATOM     11  CD  GLN     1      -3.755  -1.289   1.917  1.00001.00            C
ATOM     12  OE1 GLN     1      -3.663  -2.540   2.602  1.00001.00            O
ATOM     13  NE2 GLN     1      -5.054  -0.821   1.412  1.00001.00            N
ATOM     14 1HE2 GLN     1      -5.211  -1.196   0.498  1.00001.00            H
ATOM     15 2HE2 GLN     1      -5.054   0.178   1.367  1.00001.00            H
ATOM     16  C   GLN     1       1.257  -1.346   1.628  1.00001.00            C
ATOM     17  O   GLN     1       1.519  -1.880   2.928  1.00001.00            O
Content of test.sdf:
glutamine
https://github.com/primaryodors/podock
 17 16  0     0  0  0  0  0  0999 V2000
    0.0000    0.0000    0.0000 N   0  0  0  0  0  0  0  0  0  0  0  0
    0.0000    1.0000   -0.0000 H   0  0  0  0  0  0  0  0  0  0  0  0
    0.0000   -0.4900    1.3859 C   0  0  0  0  0  0  0  0  0  0  0  0
   -0.0000    0.3578    2.0710 H   0  0  0  0  0  0  0  0  0  0  0  0
   -1.2574   -1.3456    1.6279 C   0  0  0  0  0  0  0  0  0  0  0  0
   -1.1497   -1.8929    2.5643 H   0  0  0  0  0  0  0  0  0  0  0  0
   -1.3802   -2.0515    0.8065 H   0  0  0  0  0  0  0  0  0  0  0  0
   -2.4935   -0.4305    1.7074 C   0  0  0  0  0  0  0  0  0  0  0  0
   -2.5879    0.1341    0.7798 H   0  0  0  0  0  0  0  0  0  0  0  0
   -2.3811    0.2602    2.5432 H   0  0  0  0  0  0  0  0  0  0  0  0
   -3.7549   -1.2887    1.9167 C   0  0  0  0  0  0  0  0  0  0  0  0
   -3.6626   -2.5402    2.6022 O   0  0  0  0  0  0  0  0  0  0  0  0
   -5.0540   -0.8213    1.4117 N   0  0  0  0  0  0  0  0  0  0  0  0
   -5.2105   -1.1957    0.4977 H   0  0  0  0  0  0  0  0  0  0  0  0
   -5.0545    0.1777    1.3673 H   0  0  0  0  0  0  0  0  0  0  0  0
    1.2574   -1.3455    1.6279 C   0  0  0  0  0  0  0  0  0  0  0  0
    1.5192   -1.8802    2.9280 O   0  0  0  0  0  0  0  0  0  0  0  0
  1  2 1.00  0  0  0  0
  1  3 1.00  0  0  0  0
  3  4 1.00  0  0  0  0
  3  5 1.00  0  0  0  0
  3 16 1.00  0  0  0  0
  5  6 1.00  0  0  0  0
  5  7 1.00  0  0  0  0
  5  8 1.00  0  0  0  0
  8  9 1.00  0  0  0  0
  8 10 1.00  0  0  0  0
  8 11 1.00  0  0  0  0
 11 12 1.50  0  0  0  0
 11 13 1.50  0  0  0  0
 13 14 1.00  0  0  0  0
 13 15 1.00  0  0  0  0
 16 17 1.50  0  0  0  0
M  END

