4, checking CG... 0 found CB
Moving assembly starting with CB excluding CG
Motion includes CB
Motion includes CA
Motion includes HB1
Motion includes HB2
Motion includes N
Motion includes HA
Motion includes HN
4, checking CD1... 0 btom is part of the ring.
1 found HD1
4, checking CE1... 0 btom is part of the ring.
1 found HE1
4, checking CZ... 0 btom is part of the ring.
1 found HZ
4, checking CE2... 0 btom is part of the ring.
1 found HE2
4, checking CD2... 0 btom is part of the ring.
1 null btom.
2 null btom.
3 null btom.
phenylalanine bonds can rotate: 
CA - CB
CB - CG

Wrote test.pdb
Wrote test.sdf
Content of test.pdb:
ATOM      1  N   PHE     1       0.000   0.000  -0.000  1.00001.00            N
ATOM      2  HN  PHE     1       0.000   1.000  -0.000  1.00001.00            H
ATOM      3  CA  PHE     1       0.000  -0.490   1.386  1.00001.00            C
ATOM      4  HA  PHE     1      -0.000   0.358   2.071  1.00001.00            H
ATOM      5  CB  PHE     1      -1.257  -1.346   1.628  1.00001.00            C
ATOM      6  HB1 PHE     1      -1.051  -2.083   2.404  1.00001.00            H
ATOM      7  HB2 PHE     1      -1.532  -1.856   0.705  1.00001.00            H
ATOM      8  CG  PHE     1      -2.417  -0.438   2.077  1.00001.00            C
ATOM      9  CD1 PHE     1      -2.596   0.816   1.481  1.00001.00            C
ATOM     10  HD1 PHE     1      -2.898   0.810   0.377  1.00001.00            H
ATOM     11  CE1 PHE     1      -3.651   1.642   1.889  1.00001.00            C
ATOM     12  HE1 PHE     1      -3.371   2.607   2.576  1.00001.00            H
ATOM     13  CZ  PHE     1      -4.526   1.213   2.894  1.00001.00            C
ATOM     14  HZ  PHE     1      -0.641   2.459   3.477  1.00001.00            H
ATOM     15  CE2 PHE     1      -4.347  -0.041   3.490  1.00001.00            C
ATOM     16  HE2 PHE     1       0.412   2.947   0.843  1.00001.00            H
ATOM     17  CD2 PHE     1      -3.293  -0.866   3.082  1.00001.00            C
ATOM     18  HD2 PHE     1      -3.154  -1.843   3.546  1.00001.00            H
ATOM     19  C   PHE     1       1.257  -1.346   1.628  1.00001.00            C
ATOM     20  O   PHE     1       1.519  -1.880   2.928  1.00001.00            O
Content of test.sdf:
phenylalanine
https://github.com/primaryodors/podock
 20 20  0     0  0  0  0  0  0999 V2000
    0.0000    0.0000   -0.0000 N   0  0  0  0  0  0  0  0  0  0  0  0
    0.0000    1.0000   -0.0000 H   0  0  0  0  0  0  0  0  0  0  0  0
    0.0000   -0.4900    1.3859 C   0  0  0  0  0  0  0  0  0  0  0  0
   -0.0000    0.3578    2.0710 H   0  0  0  0  0  0  0  0  0  0  0  0
   -1.2574   -1.3456    1.6279 C   0  0  0  0  0  0  0  0  0  0  0  0
   -1.0514   -2.0828    2.4039 H   0  0  0  0  0  0  0  0  0  0  0  0
   -1.5323   -1.8565    0.7052 H   0  0  0  0  0  0  0  0  0  0  0  0
   -2.4174   -0.4377    2.0772 C   0  0  0  0  0  0  0  0  0  0  0  0
   -2.5963    0.8163    1.4809 C   0  0  0  0  0  0  0  0  0  0  0  0
   -2.8981    0.8103    0.3772 H   0  0  0  0  0  0  0  0  0  0  0  0
   -3.6508    1.6416    1.8894 C   0  0  0  0  0  0  0  0  0  0  0  0
   -3.3706    2.6067    2.5763 H   0  0  0  0  0  0  0  0  0  0  0  0
   -4.5264    1.2129    2.8942 C   0  0  0  0  0  0  0  0  0  0  0  0
   -0.6405    2.4595    3.4774 H   0  0  0  0  0  0  0  0  0  0  0  0
   -4.3475   -0.0410    3.4905 C   0  0  0  0  0  0  0  0  0  0  0  0
    0.4117    2.9468    0.8425 H   0  0  0  0  0  0  0  0  0  0  0  0
   -3.2930   -0.8664    3.0820 C   0  0  0  0  0  0  0  0  0  0  0  0
   -3.1537   -1.8427    3.5463 H   0  0  0  0  0  0  0  0  0  0  0  0
    1.2574   -1.3455    1.6279 C   0  0  0  0  0  0  0  0  0  0  0  0
    1.5191   -1.8802    2.9280 O   0  0  0  0  0  0  0  0  0  0  0  0
  1  2 1.00  0  0  0  0
  1  3 1.00  0  0  0  0
  3  4 1.00  0  0  0  0
  3  5 1.00  0  0  0  0
  3 19 1.00  0  0  0  0
  5  6 1.00  0  0  0  0
  5  7 1.00  0  0  0  0
  5  8 1.00  0  0  0  0
  8  9 1.50  0  0  0  0
  8 17 1.50  0  0  0  0
  9 10 1.00  0  0  0  0
  9 11 1.50  0  0  0  0
 11 12 1.00  0  0  0  0
 11 13 1.50  0  0  0  0
 13 14 1.00  0  0  0  0
 13 15 1.50  0  0  0  0
 15 16 1.00  0  0  0  0
 15 17 1.50  0  0  0  0
 17 18 1.00  0  0  0  0
 19 20 1.50  0  0  0  0
M  END

