methionine bonds can rotate: 
CA - CB
CB - CG
CG - SD
SD - CE

Wrote test.pdb
Wrote test.sdf
Content of test.pdb:
ATOM      1  N   MET     1       0.000   0.000   0.000  1.00001.00            N
ATOM      2  HN  MET     1       0.000   1.000  -0.000  1.00001.00            H
ATOM      3  CA  MET     1       0.000  -0.490   1.386  1.00001.00            C
ATOM      4  HA  MET     1      -0.000   0.358   2.071  1.00001.00            H
ATOM      5  CB  MET     1      -1.257  -1.346   1.628  1.00001.00            C
ATOM      6  HB1 MET     1      -1.150  -1.893   2.565  1.00001.00            H
ATOM      7  HB2 MET     1      -1.380  -2.052   0.807  1.00001.00            H
ATOM      8  CG  MET     1      -2.494  -0.431   1.707  1.00001.00            C
ATOM      9  HG1 MET     1      -2.601   0.117   0.770  1.00001.00            H
ATOM     10  HG2 MET     1      -2.371   0.275   2.528  1.00001.00            H
ATOM     11  SD  MET     1      -3.980  -1.442   1.992  1.00001.00            S
ATOM     12  CE  MET     1      -5.462  -0.398   1.839  1.00001.00            C
ATOM     13  HE1 MET     1      -5.744  -0.319   0.789  1.00001.00            H
ATOM     14  HE2 MET     1      -5.250   0.596   2.233  1.00001.00            H
ATOM     15  HE3 MET     1      -6.281  -0.845   2.402  1.00001.00            H
ATOM     16  C   MET     1       1.257  -1.346   1.628  1.00001.00            C
ATOM     17  O   MET     1       1.519  -1.880   2.928  1.00001.00            O
Content of test.sdf:
methionine
https://github.com/primaryodors/podock
 17 16  0     0  0  0  0  0  0999 V2000
    0.0000    0.0000    0.0000 N   0  0  0  0  0  0  0  0  0  0  0  0
    0.0000    1.0000   -0.0000 H   0  0  0  0  0  0  0  0  0  0  0  0
    0.0000   -0.4900    1.3859 C   0  0  0  0  0  0  0  0  0  0  0  0
   -0.0000    0.3578    2.0710 H   0  0  0  0  0  0  0  0  0  0  0  0
   -1.2574   -1.3456    1.6279 C   0  0  0  0  0  0  0  0  0  0  0  0
   -1.1499   -1.8926    2.5645 H   0  0  0  0  0  0  0  0  0  0  0  0
   -1.3800   -2.0517    0.8067 H   0  0  0  0  0  0  0  0  0  0  0  0
   -2.4935   -0.4305    1.7069 C   0  0  0  0  0  0  0  0  0  0  0  0
   -2.6008    0.1169    0.7704 H   0  0  0  0  0  0  0  0  0  0  0  0
   -2.3712    0.2754    2.5284 H   0  0  0  0  0  0  0  0  0  0  0  0
   -3.9796   -1.4417    1.9922 S   0  0  0  0  0  0  0  0  0  0  0  0
   -5.4625   -0.3977    1.8385 C   0  0  0  0  0  0  0  0  0  0  0  0
   -5.7443   -0.3192    0.7885 H   0  0  0  0  0  0  0  0  0  0  0  0
   -5.2497    0.5959    2.2329 H   0  0  0  0  0  0  0  0  0  0  0  0
   -6.2815   -0.8446    2.4020 H   0  0  0  0  0  0  0  0  0  0  0  0
    1.2574   -1.3455    1.6279 C   0  0  0  0  0  0  0  0  0  0  0  0
    1.5192   -1.8802    2.9280 O   0  0  0  0  0  0  0  0  0  0  0  0
  1  2 1.00  0  0  0  0
  1  3 1.00  0  0  0  0
  3  4 1.00  0  0  0  0
  3  5 1.00  0  0  0  0
  3 16 1.00  0  0  0  0
  5  6 1.00  0  0  0  0
  5  7 1.00  0  0  0  0
  5  8 1.00  0  0  0  0
  8  9 1.00  0  0  0  0
  8 10 1.00  0  0  0  0
  8 11 1.00  0  0  0  0
 11 12 1.00  0  0  0  0
 12 13 1.00  0  0  0  0
 12 14 1.00  0  0  0  0
 12 15 1.00  0  0  0  0
 16 17 1.50  0  0  0  0
M  END

