Wrote test.pdb
Wrote test.sdf
Content of test.pdb:
ATOM      1  N   ALA     1       0.000   0.000   0.000  1.00001.00            N
ATOM      2  HN  ALA     1       0.000   1.000  -0.000  1.00001.00            H
ATOM      3  CA  ALA     1       0.000  -0.490   1.386  1.00001.00            C
ATOM      4  HA  ALA     1      -0.000   0.358   2.071  1.00001.00            H
ATOM      5  CB  ALA     1      -1.257  -1.346   1.628  1.00001.00            C
ATOM      6  HB1 ALA     1      -1.469  -1.386   2.696  1.00001.00            H
ATOM      7  HB2 ALA     1      -1.088  -2.355   1.253  1.00001.00            H
ATOM      8  HB3 ALA     1      -2.105  -0.902   1.106  1.00001.00            H
ATOM      9  C   ALA     1       1.257  -1.346   1.628  1.00001.00            C
ATOM     10  O   ALA     1       1.519  -1.880   2.928  1.00001.00            O
Content of test.sdf:
alanine
  podock-2206011926073D
https://github.com/primaryodors/podock
 10 9  0     0  0  0  0  0  0999 V2000
    0.0000    0.0000    0.0000 N   0  0  0  0  0  0  0  0  0  0  0  0
    0.0000    1.0000   -0.0000 H   0  0  0  0  0  0  0  0  0  0  0  0
    0.0000   -0.4900    1.3859 C   0  0  0  0  0  0  0  0  0  0  0  0
   -0.0000    0.3578    2.0710 H   0  0  0  0  0  0  0  0  0  0  0  0
   -1.2574   -1.3456    1.6279 C   0  0  0  0  0  0  0  0  0  0  0  0
   -1.4693   -1.3859    2.6964 H   0  0  0  0  0  0  0  0  0  0  0  0
   -1.0879   -2.3548    1.2527 H   0  0  0  0  0  0  0  0  0  0  0  0
   -2.1050   -0.9015    1.1059 H   0  0  0  0  0  0  0  0  0  0  0  0
    1.2574   -1.3455    1.6279 C   0  0  0  0  0  0  0  0  0  0  0  0
    1.5192   -1.8802    2.9280 O   0  0  0  0  0  0  0  0  0  0  0  0
  1  2 1.00  0  0  0  0
  1  3 1.00  0  0  0  0
  3  4 1.00  0  0  0  0
  3  5 1.00  0  0  0  0
  3  9 1.00  0  0  0  0
  5  6 1.00  0  0  0  0
  5  7 1.00  0  0  0  0
  5  8 1.00  0  0  0  0
  9 10 1.50  0  0  0  0
M  END

