arginine bonds can rotate: 
CA - CB
CB - CG
CG - CD
CD - NE
NE - CZ

Wrote test.pdb
Wrote test.sdf
Content of test.pdb:
ATOM      1  N   ARG     1       0.000   0.000   0.000  1.00001.00            N
ATOM      2  HN  ARG     1       0.000   1.000  -0.000  1.00001.00            H
ATOM      3  CA  ARG     1       0.000  -0.490   1.386  1.00001.00            C
ATOM      4  HA  ARG     1      -0.000   0.358   2.071  1.00001.00            H
ATOM      5  CB  ARG     1      -1.257  -1.346   1.628  1.00001.00            C
ATOM      6  HB1 ARG     1      -1.150  -1.893   2.564  1.00001.00            H
ATOM      7  HB2 ARG     1      -1.380  -2.052   0.807  1.00001.00            H
ATOM      8  CG  ARG     1      -2.494  -0.430   1.707  1.00001.00            C
ATOM      9  HG1 ARG     1      -2.601   0.117   0.771  1.00001.00            H
ATOM     10  HG2 ARG     1      -2.371   0.275   2.529  1.00001.00            H
ATOM     11  CD  ARG     1      -3.751  -1.286   1.949  1.00001.00            C
ATOM     12  HD1 ARG     1      -3.631  -1.856   2.870  1.00001.00            H
ATOM     13  HD2 ARG     1      -3.890  -1.972   1.113  1.00001.00            H
ATOM     14  NE  ARG     1      -4.925  -0.410   2.064  1.00001.00            N
ATOM     15  HE  ARG     1      -5.665  -0.901   2.524  1.00001.00            H
ATOM     16  CZ  ARG     1      -5.368  -0.004   0.722  1.00001.00            C
ATOM     17  NH1 ARG     1      -6.332   1.094   0.566  1.00001.00            N
ATOM     18 1HH1 ARG     1      -7.153   0.895   1.101  1.00001.00            H
ATOM     19 2HH1 ARG     1      -6.577   1.189  -0.399  1.00001.00            H
ATOM     20  NH2 ARG     1      -4.846  -0.697  -0.465  1.00001.00            N
ATOM     21 1HH2 ARG     1      -4.409  -0.035  -1.073  1.00001.00            H
ATOM     22 2HH2 ARG     1      -5.598  -1.146  -0.947  1.00001.00            H
ATOM     23  C   ARG     1       1.257  -1.346   1.628  1.00001.00            C
ATOM     24  O   ARG     1       1.519  -1.880   2.928  1.00001.00            O
Content of test.sdf:
arginine
https://github.com/primaryodors/podock
 24 23  0     0  0  0  0  0  0999 V2000
    0.0000    0.0000    0.0000 N   0  0  0  0  0  0  0  0  0  0  0  0
    0.0000    1.0000   -0.0000 H   0  0  0  0  0  0  0  0  0  0  0  0
    0.0000   -0.4900    1.3859 C   0  0  0  0  0  0  0  0  0  0  0  0
   -0.0000    0.3578    2.0710 H   0  0  0  0  0  0  0  0  0  0  0  0
   -1.2574   -1.3456    1.6279 C   0  0  0  0  0  0  0  0  0  0  0  0
   -1.1498   -1.8928    2.5644 H   0  0  0  0  0  0  0  0  0  0  0  0
   -1.3800   -2.0516    0.8066 H   0  0  0  0  0  0  0  0  0  0  0  0
   -2.4935   -0.4305    1.7071 C   0  0  0  0  0  0  0  0  0  0  0  0
   -2.6009    0.1170    0.7708 H   0  0  0  0  0  0  0  0  0  0  0  0
   -2.3710    0.2753    2.5287 H   0  0  0  0  0  0  0  0  0  0  0  0
   -3.7510   -1.2861    1.9486 C   0  0  0  0  0  0  0  0  0  0  0  0
   -3.6312   -1.8560    2.8700 H   0  0  0  0  0  0  0  0  0  0  0  0
   -3.8899   -1.9718    1.1127 H   0  0  0  0  0  0  0  0  0  0  0  0
   -4.9254   -0.4096    2.0637 N   0  0  0  0  0  0  0  0  0  0  0  0
   -5.6646   -0.9014    2.5239 H   0  0  0  0  0  0  0  0  0  0  0  0
   -5.3677   -0.0042    0.7217 C   0  0  0  0  0  0  0  0  0  0  0  0
   -6.3320    1.0944    0.5663 N   0  0  0  0  0  0  0  0  0  0  0  0
   -7.1532    0.8953    1.1010 H   0  0  0  0  0  0  0  0  0  0  0  0
   -6.5772    1.1887   -0.3986 H   0  0  0  0  0  0  0  0  0  0  0  0
   -4.8458   -0.6975   -0.4648 N   0  0  0  0  0  0  0  0  0  0  0  0
   -4.4086   -0.0346   -1.0728 H   0  0  0  0  0  0  0  0  0  0  0  0
   -5.5984   -1.1460   -0.9468 H   0  0  0  0  0  0  0  0  0  0  0  0
    1.2574   -1.3455    1.6279 C   0  0  0  0  0  0  0  0  0  0  0  0
    1.5192   -1.8802    2.9280 O   0  0  0  0  0  0  0  0  0  0  0  0
  1  2 1.00  0  0  0  0
  1  3 1.00  0  0  0  0
  3  4 1.00  0  0  0  0
  3  5 1.00  0  0  0  0
  3 23 1.00  0  0  0  0
  5  6 1.00  0  0  0  0
  5  7 1.00  0  0  0  0
  5  8 1.00  0  0  0  0
  8  9 1.00  0  0  0  0
  8 10 1.00  0  0  0  0
  8 11 1.00  0  0  0  0
 11 12 1.00  0  0  0  0
 11 13 1.00  0  0  0  0
 11 14 1.00  0  0  0  0
 14 15 1.00  0  0  0  0
 14 16 1.00  0  0  0  0
 16 17 1.50  0  0  0  0
 16 20 1.50  0  0  0  0
 17 18 1.00  0  0  0  0
 17 19 1.00  0  0  0  0
 20 21 1.00  0  0  0  0
 20 22 1.00  0  0  0  0
 23 24 1.50  0  0  0  0
M  END

