leucine bonds can rotate: 
CA - CB
CB - CG
CG - CD1
CG - CD2

Wrote test.pdb
Wrote test.sdf
Content of test.pdb:
ATOM      1  N   LEU     1       0.000   0.000   0.000  1.00001.00            N
ATOM      2  HN  LEU     1       0.000   1.000  -0.000  1.00001.00            H
ATOM      3  CA  LEU     1       0.000  -0.490   1.386  1.00001.00            C
ATOM      4  HA  LEU     1      -0.000   0.358   2.071  1.00001.00            H
ATOM      5  CB  LEU     1      -1.257  -1.346   1.628  1.00001.00            C
ATOM      6  HB1 LEU     1      -1.143  -1.905   2.556  1.00001.00            H
ATOM      7  HB2 LEU     1      -1.389  -2.041   0.799  1.00001.00            H
ATOM      8  CG  LEU     1      -2.490  -0.429   1.730  1.00001.00            C
ATOM      9  HG  LEU     1      -2.403   0.379   1.003  1.00001.00            H
ATOM     10  CD1 LEU     1      -2.574   0.164   3.149  1.00001.00            C
ATOM     11 1HD1 LEU     1      -1.680   0.755   3.349  1.00001.00            H
ATOM     12 2HD1 LEU     1      -2.645  -0.645   3.877  1.00001.00            H
ATOM     13 3HD1 LEU     1      -3.455   0.800   3.226  1.00001.00            H
ATOM     14  CD2 LEU     1      -3.763  -1.246   1.439  1.00001.00            C
ATOM     15 1HD2 LEU     1      -4.564  -0.573   1.130  1.00001.00            H
ATOM     16 2HD2 LEU     1      -4.065  -1.781   2.339  1.00001.00            H
ATOM     17 3HD2 LEU     1      -3.561  -1.961   0.642  1.00001.00            H
ATOM     18  C   LEU     1       1.257  -1.346   1.628  1.00001.00            C
ATOM     19  O   LEU     1       1.519  -1.880   2.928  1.00001.00            O
Content of test.sdf:
leucine
https://github.com/primaryodors/podock
 19 18  0     0  0  0  0  0  0999 V2000
    0.0000    0.0000    0.0000 N   0  0  0  0  0  0  0  0  0  0  0  0
    0.0000    1.0000   -0.0000 H   0  0  0  0  0  0  0  0  0  0  0  0
    0.0000   -0.4900    1.3859 C   0  0  0  0  0  0  0  0  0  0  0  0
   -0.0000    0.3578    2.0710 H   0  0  0  0  0  0  0  0  0  0  0  0
   -1.2574   -1.3456    1.6279 C   0  0  0  0  0  0  0  0  0  0  0  0
   -1.1430   -1.9051    2.5563 H   0  0  0  0  0  0  0  0  0  0  0  0
   -1.3891   -2.0406    0.7987 H   0  0  0  0  0  0  0  0  0  0  0  0
   -2.4904   -0.4286    1.7298 C   0  0  0  0  0  0  0  0  0  0  0  0
   -2.4034    0.3794    1.0034 H   0  0  0  0  0  0  0  0  0  0  0  0
   -2.5737    0.1638    3.1489 C   0  0  0  0  0  0  0  0  0  0  0  0
   -1.6800    0.7549    3.3489 H   0  0  0  0  0  0  0  0  0  0  0  0
   -2.6449   -0.6447    3.8765 H   0  0  0  0  0  0  0  0  0  0  0  0
   -3.4551    0.8004    3.2257 H   0  0  0  0  0  0  0  0  0  0  0  0
   -3.7631   -1.2455    1.4391 C   0  0  0  0  0  0  0  0  0  0  0  0
   -4.5637   -0.5733    1.1303 H   0  0  0  0  0  0  0  0  0  0  0  0
   -4.0650   -1.7806    2.3395 H   0  0  0  0  0  0  0  0  0  0  0  0
   -3.5615   -1.9608    0.6417 H   0  0  0  0  0  0  0  0  0  0  0  0
    1.2574   -1.3455    1.6279 C   0  0  0  0  0  0  0  0  0  0  0  0
    1.5192   -1.8802    2.9280 O   0  0  0  0  0  0  0  0  0  0  0  0
  1  2 1.00  0  0  0  0
  1  3 1.00  0  0  0  0
  3  4 1.00  0  0  0  0
  3  5 1.00  0  0  0  0
  3 18 1.00  0  0  0  0
  5  6 1.00  0  0  0  0
  5  7 1.00  0  0  0  0
  5  8 1.00  0  0  0  0
  8  9 1.00  0  0  0  0
  8 10 1.00  0  0  0  0
  8 14 1.00  0  0  0  0
 10 11 1.00  0  0  0  0
 10 12 1.00  0  0  0  0
 10 13 1.00  0  0  0  0
 14 15 1.00  0  0  0  0
 14 16 1.00  0  0  0  0
 14 17 1.00  0  0  0  0
 18 19 1.50  0  0  0  0
M  END

