3, checking CG... 0 found CB
Moving assembly starting with CB excluding CG
Motion includes CB
Motion includes CA
Motion includes HB1
Motion includes HB2
Motion includes N
Motion includes HA
Motion includes HN
3, checking ND1... 0 btom is part of the ring.
1 btom is part of the ring.
2 null btom.
4, checking CE1... 0 btom is part of the ring.
1 found HE1
4, checking NE2... 0 btom is part of the ring.
1 found HE2
4, checking CD2... 0 btom is part of the ring.
1 null btom.
2 null btom.
3 null btom.
histidine bonds can rotate: 
CA - CB
CB - CG

Wrote test.pdb
Wrote test.sdf
Content of test.pdb:
ATOM      1  N   HIS     1       0.000   0.000  -0.000  1.00001.00            N
ATOM      2  HN  HIS     1       0.000   1.000  -0.000  1.00001.00            H
ATOM      3  CA  HIS     1       0.000  -0.490   1.386  1.00001.00            C
ATOM      4  HA  HIS     1      -0.000   0.358   2.071  1.00001.00            H
ATOM      5  CB  HIS     1      -1.257  -1.346   1.628  1.00001.00            C
ATOM      6  HB1 HIS     1      -1.123  -1.941   2.531  1.00001.00            H
ATOM      7  HB2 HIS     1      -1.416  -2.007   0.776  1.00001.00            H
ATOM      8  CG  HIS     1      -2.480  -0.425   1.798  1.00001.00            C
ATOM      9  ND1 HIS     1      -2.770   0.853   0.988  1.00001.00            N
ATOM     10  CE1 HIS     1      -4.097   1.448   1.497  1.00001.00            C
ATOM     11  HE1 HIS     1      -4.604   1.054   1.544  1.00001.00            H
ATOM     12  NE2 HIS     1      -4.626   0.537   2.621  1.00001.00            N
ATOM     13  HE2 HIS     1      -4.119   1.290  -0.845  1.00001.00            H
ATOM     14  CD2 HIS     1      -3.627  -0.620   2.806  1.00001.00            C
ATOM     15  HD2 HIS     1      -3.716  -1.434   3.526  1.00001.00            H
ATOM     16  C   HIS     1       1.257  -1.346   1.628  1.00001.00            C
ATOM     17  O   HIS     1       1.519  -1.880   2.928  1.00001.00            O
Content of test.sdf:
histidine
https://github.com/primaryodors/podock
 17 16  0     0  0  0  0  0  0999 V2000
    0.0000    0.0000   -0.0000 N   0  0  0  0  0  0  0  0  0  0  0  0
    0.0000    1.0000   -0.0000 H   0  0  0  0  0  0  0  0  0  0  0  0
    0.0000   -0.4900    1.3859 C   0  0  0  0  0  0  0  0  0  0  0  0
   -0.0000    0.3578    2.0710 H   0  0  0  0  0  0  0  0  0  0  0  0
   -1.2574   -1.3456    1.6279 C   0  0  0  0  0  0  0  0  0  0  0  0
   -1.1232   -1.9414    2.5307 H   0  0  0  0  0  0  0  0  0  0  0  0
   -1.4162   -2.0070    0.7763 H   0  0  0  0  0  0  0  0  0  0  0  0
   -2.4800   -0.4247    1.7976 C   0  0  0  0  0  0  0  0  0  0  0  0
   -2.7702    0.8530    0.9884 N   0  0  0  0  0  0  0  0  0  0  0  0
   -4.0966    1.4475    1.4970 C   0  0  0  0  0  0  0  0  0  0  0  0
   -4.6040    1.0542    1.5435 H   0  0  0  0  0  0  0  0  0  0  0  0
   -4.6263    0.5372    2.6206 N   0  0  0  0  0  0  0  0  0  0  0  0
   -4.1190    1.2898   -0.8447 H   0  0  0  0  0  0  0  0  0  0  0  0
   -3.6272   -0.6199    2.8064 C   0  0  0  0  0  0  0  0  0  0  0  0
   -3.7163   -1.4341    3.5256 H   0  0  0  0  0  0  0  0  0  0  0  0
    1.2574   -1.3455    1.6279 C   0  0  0  0  0  0  0  0  0  0  0  0
    1.5191   -1.8802    2.9280 O   0  0  0  0  0  0  0  0  0  0  0  0
  1  2 1.00  0  0  0  0
  1  3 1.00  0  0  0  0
  3  4 1.00  0  0  0  0
  3  5 1.00  0  0  0  0
  3 16 1.00  0  0  0  0
  5  6 1.00  0  0  0  0
  5  7 1.00  0  0  0  0
  5  8 1.00  0  0  0  0
  8  9 2.00  0  0  0  0
  9 10 1.00  0  0  0  0
 10 11 1.00  0  0  0  0
 10 12 1.00  0  0  0  0
 12 13 1.00  0  0  0  0
 12 14 1.00  0  0  0  0
 14 15 1.00  0  0  0  0
 16 17 1.50  0  0  0  0
M  END

