glutamic_acid bonds can rotate: 
CA - CB
CB - CG
CG - CD

Wrote test.pdb
Wrote test.sdf
Content of test.pdb:
ATOM      1  N   GLU     1       0.000   0.000   0.000  1.00001.00            N
ATOM      2  HN  GLU     1       0.000   1.000  -0.000  1.00001.00            H
ATOM      3  CA  GLU     1       0.000  -0.490   1.386  1.00001.00            C
ATOM      4  HA  GLU     1      -0.000   0.358   2.071  1.00001.00            H
ATOM      5  CB  GLU     1      -1.257  -1.346   1.628  1.00001.00            C
ATOM      6  HB1 GLU     1      -1.150  -1.893   2.564  1.00001.00            H
ATOM      7  HB2 GLU     1      -1.380  -2.051   0.807  1.00001.00            H
ATOM      8  CG  GLU     1      -2.493  -0.430   1.707  1.00001.00            C
ATOM      9  HG1 GLU     1      -2.588   0.134   0.779  1.00001.00            H
ATOM     10  HG2 GLU     1      -2.381   0.261   2.543  1.00001.00            H
ATOM     11  CD  GLU     1      -3.755  -1.289   1.918  1.00001.00            C
ATOM     12  OE1 GLU     1      -3.662  -2.540   2.604  1.00001.00            O
ATOM     13  OE2 GLU     1      -5.019  -0.834   1.427  1.00001.00            O
ATOM     14  C   GLU     1       1.257  -1.346   1.628  1.00001.00            C
ATOM     15  O   GLU     1       1.519  -1.880   2.928  1.00001.00            O
Content of test.sdf:
glutamic_acid
https://github.com/primaryodors/podock
 15 14  0     0  0  0  0  0  0999 V2000
    0.0000    0.0000    0.0000 N   0  0  0  0  0  0  0  0  0  0  0  0
    0.0000    1.0000   -0.0000 H   0  0  0  0  0  0  0  0  0  0  0  0
    0.0000   -0.4900    1.3859 C   0  0  0  0  0  0  0  0  0  0  0  0
   -0.0000    0.3578    2.0710 H   0  0  0  0  0  0  0  0  0  0  0  0
   -1.2574   -1.3456    1.6279 C   0  0  0  0  0  0  0  0  0  0  0  0
   -1.1497   -1.8929    2.5643 H   0  0  0  0  0  0  0  0  0  0  0  0
   -1.3802   -2.0515    0.8065 H   0  0  0  0  0  0  0  0  0  0  0  0
   -2.4935   -0.4305    1.7074 C   0  0  0  0  0  0  0  0  0  0  0  0
   -2.5883    0.1335    0.7795 H   0  0  0  0  0  0  0  0  0  0  0  0
   -2.3808    0.2606    2.5427 H   0  0  0  0  0  0  0  0  0  0  0  0
   -3.7548   -1.2886    1.9177 C   0  0  0  0  0  0  0  0  0  0  0  0
   -3.6621   -2.5398    2.6039 O   0  0  0  0  0  0  0  0  0  0  0  0
   -5.0187   -0.8343    1.4267 O   0  0  0  0  0  0  0  0  0  0  0  0
    1.2574   -1.3455    1.6279 C   0  0  0  0  0  0  0  0  0  0  0  0
    1.5192   -1.8802    2.9280 O   0  0  0  0  0  0  0  0  0  0  0  0
  1  2 1.00  0  0  0  0
  1  3 1.00  0  0  0  0
  3  4 1.00  0  0  0  0
  3  5 1.00  0  0  0  0
  3 14 1.00  0  0  0  0
  5  6 1.00  0  0  0  0
  5  7 1.00  0  0  0  0
  5  8 1.00  0  0  0  0
  8  9 1.00  0  0  0  0
  8 10 1.00  0  0  0  0
  8 11 1.00  0  0  0  0
 11 12 1.50  0  0  0  0
 11 13 1.50  0  0  0  0
 14 15 1.50  0  0  0  0
M  END

