valine bonds can rotate: 
CA - CB
CB - CG1
CB - CG2

Wrote test.pdb
Wrote test.sdf
Content of test.pdb:
ATOM      1  N   VAL     1       0.000   0.000   0.000  1.00001.00            N
ATOM      2  HN  VAL     1       0.000   1.000  -0.000  1.00001.00            H
ATOM      3  CA  VAL     1       0.000  -0.490   1.386  1.00001.00            C
ATOM      4  HA  VAL     1      -0.000   0.358   2.071  1.00001.00            H
ATOM      5  CB  VAL     1      -1.257  -1.346   1.628  1.00001.00            C
ATOM      6  HB  VAL     1      -1.150  -1.893   2.564  1.00001.00            H
ATOM      7  CG1 VAL     1      -1.431  -2.343   0.467  1.00001.00            C
ATOM      8 1HG1 VAL     1      -1.635  -1.796  -0.454  1.00001.00            H
ATOM      9 2HG1 VAL     1      -2.264  -3.012   0.684  1.00001.00            H
ATOM     10 3HG1 VAL     1      -0.518  -2.926   0.349  1.00001.00            H
ATOM     11  CG2 VAL     1      -2.493  -0.430   1.708  1.00001.00            C
ATOM     12 1HG2 VAL     1      -3.291  -0.943   2.245  1.00001.00            H
ATOM     13 2HG2 VAL     1      -2.831  -0.188   0.700  1.00001.00            H
ATOM     14 3HG2 VAL     1      -2.232   0.487   2.235  1.00001.00            H
ATOM     15  C   VAL     1       1.257  -1.346   1.628  1.00001.00            C
ATOM     16  O   VAL     1       1.519  -1.880   2.928  1.00001.00            O
Content of test.sdf:
valine
https://github.com/primaryodors/podock
 16 15  0     0  0  0  0  0  0999 V2000
    0.0000    0.0000    0.0000 N   0  0  0  0  0  0  0  0  0  0  0  0
    0.0000    1.0000   -0.0000 H   0  0  0  0  0  0  0  0  0  0  0  0
    0.0000   -0.4900    1.3859 C   0  0  0  0  0  0  0  0  0  0  0  0
   -0.0000    0.3578    2.0710 H   0  0  0  0  0  0  0  0  0  0  0  0
   -1.2574   -1.3456    1.6279 C   0  0  0  0  0  0  0  0  0  0  0  0
   -1.1496   -1.8931    2.5642 H   0  0  0  0  0  0  0  0  0  0  0  0
   -1.4311   -2.3426    0.4672 C   0  0  0  0  0  0  0  0  0  0  0  0
   -1.6345   -1.7962   -0.4538 H   0  0  0  0  0  0  0  0  0  0  0  0
   -2.2638   -3.0116    0.6843 H   0  0  0  0  0  0  0  0  0  0  0  0
   -0.5177   -2.9258    0.3494 H   0  0  0  0  0  0  0  0  0  0  0  0
   -2.4934   -0.4304    1.7078 C   0  0  0  0  0  0  0  0  0  0  0  0
   -3.2912   -0.9434    2.2449 H   0  0  0  0  0  0  0  0  0  0  0  0
   -2.8314   -0.1875    0.7004 H   0  0  0  0  0  0  0  0  0  0  0  0
   -2.2325    0.4874    2.2347 H   0  0  0  0  0  0  0  0  0  0  0  0
    1.2574   -1.3455    1.6279 C   0  0  0  0  0  0  0  0  0  0  0  0
    1.5192   -1.8802    2.9280 O   0  0  0  0  0  0  0  0  0  0  0  0
  1  2 1.00  0  0  0  0
  1  3 1.00  0  0  0  0
  3  4 1.00  0  0  0  0
  3  5 1.00  0  0  0  0
  3 15 1.00  0  0  0  0
  5  6 1.00  0  0  0  0
  5  7 1.00  0  0  0  0
  5 11 1.00  0  0  0  0
  7  8 1.00  0  0  0  0
  7  9 1.00  0  0  0  0
  7 10 1.00  0  0  0  0
 11 12 1.00  0  0  0  0
 11 13 1.00  0  0  0  0
 11 14 1.00  0  0  0  0
 15 16 1.50  0  0  0  0
M  END

