Created empty molecule named Test.
Added a carbon atom. Its location is [0.000000,0.000000,0.000000].
Added another carbon atom. Its location is [0.000000,1.540000,-0.000000].
Added an oxygen atom. Its location is [0.000000,2.016666,-1.348217].
Internal collisions: 0.43268 cu.A.
Minimizing internal collisions...
Internal collisions: 3.8743e-07 cu.A.
Saved test.sdf
Content of test.sdf:
Test
https://github.com/primaryodors/podock
 9 8  0     0  0  0  0  0  0999 V2000
    0.0000    0.0000    0.0000 C   0  0  0  0  0  0  0  0  0  0  0  0
    0.0000    1.5400   -0.0000 C   0  0  0  0  0  0  0  0  0  0  0  0
    0.0000    2.0167   -1.3482 O   0  0  0  0  0  0  0  0  0  0  0  0
    0.0000   -0.3633    1.0277 H   0  0  0  0  0  0  0  0  0  0  0  0
    0.8900   -0.3633   -0.5138 H   0  0  0  0  0  0  0  0  0  0  0  0
   -0.8900   -0.3633   -0.5138 H   0  0  0  0  0  0  0  0  0  0  0  0
    0.8900    1.9033    0.5138 H   0  0  0  0  0  0  0  0  0  0  0  0
   -0.8900    1.9033    0.5138 H   0  0  0  0  0  0  0  0  0  0  0  0
    0.0000    1.2622   -1.9579 H   0  0  0  0  0  0  0  0  0  0  0  0
  1  2 1.00  0  0  0  0
  1  4 1.00  0  0  0  0
  1  5 1.00  0  0  0  0
  1  6 1.00  0  0  0  0
  2  3 1.00  0  0  0  0
  2  7 1.00  0  0  0  0
  2  8 1.00  0  0  0  0
  3  9 1.00  0  0  0  0
M  END

