Created empty molecule named nothing.
Created molecule named BZN.sdf.
Read data.
Loaded 12 atoms of BZN.sdf into molecule.
Found 1 ring(s).
Ring atoms: C5 C6 C1 C2 C3 C4 

Ring 0 is coplanar.
Ring centered at [-1.21243,0.7,0].
Ring normal: φ=180° θ=0°.
Internal clashes: 0 cu. A.
Molecule moved to [0.2,-0.499999,-0.3].
Added a carbon atom. Its location is [0.000000,0.000000,0.000000].
Added another carbon atom. Its location is [0.000000,1.540000,-0.000000].
Added an oxygen atom. Its location is [0.000000,2.016666,-1.348217].
Loaded test ligand. Intermol clashes: 75.7671 cu. A.
Rotated molecule 2 by -30 degrees. Intermol clashes: 73.524 cu. A.
1 1 1 1 1 Moved molecule 2 by 5 A.
Intermol clashes: 0 cu. A.
Intermol energy level: 0 kJ/mol.
xxxxxxxxxxxxxxxxxxxxxxxxxxxxPost-conformation intermol energy level: -2.07424e-05 kJ/mol.
Saved output.sdf
Content of output.sdf:
BZN.sdf
  podock-2206011922553D
https://github.com/primaryodors/podock
 21 20  0     0  0  0  0  0  0999 V2000
  -21.4216  -21.9640    8.1363 C   0  0  0  0  0  0  0  0  0  0  0  0
  -22.6340  -21.6283    7.5221 C   0  0  0  0  0  0  0  0  0  0  0  0
  -23.8465  -21.9640    8.1363 C   0  0  0  0  0  0  0  0  0  0  0  0
  -23.8465  -22.6354    9.3649 C   0  0  0  0  0  0  0  0  0  0  0  0
  -22.6340  -22.9711    9.9791 C   0  0  0  0  0  0  0  0  0  0  0  0
  -21.4216  -22.6354    9.3649 C   0  0  0  0  0  0  0  0  0  0  0  0
  -20.4776  -21.7027    7.6581 H   0  0  0  0  0  0  0  0  0  0  0  0
  -22.6340  -21.1056    6.5656 H   0  0  0  0  0  0  0  0  0  0  0  0
  -24.7904  -21.7027    7.6581 H   0  0  0  0  0  0  0  0  0  0  0  0
  -24.7904  -22.8967    9.8431 H   0  0  0  0  0  0  0  0  0  0  0  0
  -22.6340  -23.4938   10.9356 H   0  0  0  0  0  0  0  0  0  0  0  0
  -20.4776  -22.8967    9.8431 H   0  0  0  0  0  0  0  0  0  0  0  0
  -17.5797  -14.1928   22.0868 C   0  0  0  0  0  0  0  0  0  0  0  0
  -18.0087  -15.4315   22.8950 C   0  0  0  0  0  0  0  0  0  0  0  0
  -16.8547  -16.2097   23.2232 O   0  0  0  0  0  0  0  0  0  0  0  0
  -17.0834  -14.5112   21.1701 H   0  0  0  0  0  0  0  0  0  0  0  0
  -16.8927  -13.5909   22.6817 H   0  0  0  0  0  0  0  0  0  0  0  0
  -18.4593  -13.5997   21.8367 H   0  0  0  0  0  0  0  0  0  0  0  0
  -18.6957  -16.0334   22.3002 H   0  0  0  0  0  0  0  0  0  0  0  0
  -18.5050  -15.1132   23.8118 H   0  0  0  0  0  0  0  0  0  0  0  0
  -17.1250  -16.9899   23.7322 H   0  0  0  0  0  0  0  0  0  0  0  0
  1  2 1.00  0  0  0  0
  1  6 1.00  0  0  0  0
  1  7 1.00  0  0  0  0
  2  3 1.00  0  0  0  0
  2  8 1.00  0  0  0  0
  3  4 1.00  0  0  0  0
  3  9 1.00  0  0  0  0
  4  5 1.00  0  0  0  0
  4 10 1.00  0  0  0  0
  5  6 1.00  0  0  0  0
  5 11 1.00  0  0  0  0
  6 12 1.00  0  0  0  0
 13 14 1.00  0  0  0  0
 13 16 1.00  0  0  0  0
 13 17 1.00  0  0  0  0
 13 18 1.00  0  0  0  0
 14 15 1.00  0  0  0  0
 14 19 1.00  0  0  0  0
 14 20 1.00  0  0  0  0
 15 21 1.00  0  0  0  0
M  END

